[2026-09-17 00:02:26] Watchdog started.
[2026-09-17 00:02:26] Watchdog started.
[2026-09-17 00:02:26] Download running... archive 32243712 bytes
[2026-09-17 00:02:26] Download running... archive 32243712 bytes
[2026-09-17 00:05:26] Download running... archive 467140608 bytes
[2026-09-17 00:05:26] Download running... archive 467140608 bytes
[2026-09-17 00:08:26] Download running... archive 943980544 bytes
[2026-09-17 00:08:26] Download running... archive 943980544 bytes
[2026-09-17 00:11:26] Download running... archive 1364721664 bytes
[2026-09-17 00:11:26] Download running... archive 1364721664 bytes
[2026-09-17 00:14:26] Download running... archive 1785724928 bytes
[2026-09-17 00:14:26] Download running... archive 1785724928 bytes
[2026-09-17 00:17:26] Download running... archive 2401763328 bytes
[2026-09-17 00:17:26] Download running... archive 2401763328 bytes
[2026-09-17 00:20:26] Download running... archive 3016491008 bytes
[2026-09-17 00:20:26] Download running... archive 3016491008 bytes
[2026-09-17 00:23:26] Download running... archive 3569614848 bytes
[2026-09-17 00:23:26] Download running... archive 3569614848 bytes
[2026-09-17 00:26:26] Download running... archive 4173594624 bytes
[2026-09-17 00:26:26] Download running... archive 4173594624 bytes
[2026-09-17 00:29:26] Download running... archive 4776525824 bytes
[2026-09-17 00:29:26] Download running... archive 4776525824 bytes
[2026-09-17 00:32:26] Download running... archive 5485101056 bytes
[2026-09-17 00:32:26] Download running... archive 5485101056 bytes
[2026-09-17 00:35:26] Download running... archive 6094848000 bytes
[2026-09-17 00:35:26] Download running... archive 6094848000 bytes
[2026-09-17 00:38:26] Download running... archive 6614941696 bytes
[2026-09-17 00:38:26] Download running... archive 6614941696 bytes
[2026-09-17 00:41:27] Download running... archive 7251165184 bytes
[2026-09-17 00:41:27] Download running... archive 7251165184 bytes
[2026-09-17 00:44:27] Download running... archive 7683178496 bytes
[2026-09-17 00:44:27] Download running... archive 7683178496 bytes
[2026-09-17 00:47:27] Download failed — retry 1/5
[2026-09-17 00:47:27] Download failed — retry 1/5
[2026-09-17 00:47:27] Submitting download job (attempt 1)...
[2026-09-17 00:47:27] Submitting download job (attempt 1)...
[2026-09-17 00:50:57] Download running... archive 393740288 bytes
[2026-09-17 00:50:57] Download running... archive 393740288 bytes
[2026-09-17 00:53:57] Download running... archive 855638016 bytes
[2026-09-17 00:53:57] Download running... archive 855638016 bytes
[2026-09-17 00:56:57] Download running... archive 1414529024 bytes
[2026-09-17 00:56:57] Download running... archive 1414529024 bytes
[2026-09-17 00:59:57] Download running... archive 2034499584 bytes
[2026-09-17 00:59:57] Download running... archive 2034499584 bytes
[2026-09-17 01:02:57] Download running... archive 2584739840 bytes
[2026-09-17 01:02:57] Download running... archive 2584739840 bytes
[2026-09-17 01:05:57] Download failed — retry 2/5
[2026-09-17 01:05:57] Download failed — retry 2/5
[2026-09-17 01:05:58] Submitting download job (attempt 2)...
[2026-09-17 01:05:58] Submitting download job (attempt 2)...
[2026-09-17 01:09:28] Download running... archive 330039296 bytes
[2026-09-17 01:09:28] Download running... archive 330039296 bytes
[2026-09-17 01:12:28] Download running... archive 760741888 bytes
[2026-09-17 01:12:28] Download running... archive 760741888 bytes
[2026-09-17 01:15:28] Download running... archive 1287389184 bytes
[2026-09-17 01:15:28] Download running... archive 1287389184 bytes
[2026-09-17 01:18:28] Download running... archive 1809317888 bytes
[2026-09-17 01:18:28] Download running... archive 1809317888 bytes
[2026-09-17 01:21:28] Download running... archive 2341470208 bytes
[2026-09-17 01:21:28] Download running... archive 2341470208 bytes
[2026-09-17 01:24:28] Download running... archive 2944663552 bytes
[2026-09-17 01:24:28] Download running... archive 2944663552 bytes
[2026-09-17 01:27:28] Download running... archive 3687841792 bytes
[2026-09-17 01:27:28] Download running... archive 3687841792 bytes
[2026-09-17 01:30:28] Download running... archive 4284481536 bytes
[2026-09-17 01:30:28] Download running... archive 4284481536 bytes
[2026-09-17 01:33:28] Download failed — retry 3/5
[2026-09-17 01:33:28] Download failed — retry 3/5
[2026-09-17 01:33:28] Submitting download job (attempt 3)...
[2026-09-17 01:33:28] Submitting download job (attempt 3)...
[2026-09-17 01:36:59] Download running... archive 467402752 bytes
[2026-09-17 01:36:59] Download running... archive 467402752 bytes
[2026-09-17 01:39:59] Download running... archive 980418560 bytes
[2026-09-17 01:39:59] Download running... archive 980418560 bytes
[2026-09-17 01:42:59] Download running... archive 1449132032 bytes
[2026-09-17 01:42:59] Download running... archive 1449132032 bytes
[2026-09-17 01:45:59] Download running... archive 2084044800 bytes
[2026-09-17 01:45:59] Download running... archive 2084044800 bytes
[2026-09-17 01:48:59] Download running... archive 2656567296 bytes
[2026-09-17 01:48:59] Download running... archive 2656567296 bytes
[2026-09-17 01:51:59] Download running... archive 3214409728 bytes
[2026-09-17 01:51:59] Download running... archive 3214409728 bytes
[2026-09-17 01:54:59] Download running... archive 3757047808 bytes
[2026-09-17 01:54:59] Download running... archive 3757047808 bytes
[2026-09-17 01:57:07] Watchdog started (wilds max 3, then wget -c). prior_wilds_failures=8 use_wget=1
[2026-09-17 01:57:07] Watchdog started (wilds max 3, then wget -c). prior_wilds_failures=8 use_wget=1
[2026-09-17 01:57:07] Download running (wget)... archive 4051435520 bytes
[2026-09-17 01:57:07] Download running (wget)... archive 4051435520 bytes
[2026-09-17 01:57:24] Watchdog started (wilds max 3, then wget -c). prior_wilds_failures=4 use_wget=1
[2026-09-17 01:57:24] Watchdog started (wilds max 3, then wget -c). prior_wilds_failures=4 use_wget=1
[2026-09-17 01:57:24] Download running (wget)... archive 4100194304 bytes
[2026-09-17 01:57:24] Download running (wget)... archive 4100194304 bytes
[2026-09-17 01:57:50] Watchdog started (wilds max 3, then wget -c). prior_wilds_failures=4 use_wget=1
[2026-09-17 01:57:50] Watchdog started (wilds max 3, then wget -c). prior_wilds_failures=4 use_wget=1
[2026-09-17 01:57:50] Download running (wget)... archive 4181458944 bytes
[2026-09-17 01:57:50] Download running (wget)... archive 4181458944 bytes
[2026-09-17 02:00:50] Download running (wget)... archive 4700766208 bytes
[2026-09-17 02:00:50] Download running (wget)... archive 4700766208 bytes
[2026-09-17 02:03:50] Download running (wget)... archive 5380243456 bytes
[2026-09-17 02:03:50] Download running (wget)... archive 5380243456 bytes
[2026-09-17 02:06:50] Download running (wget)... archive 5981601792 bytes
[2026-09-17 02:06:50] Download running (wget)... archive 5981601792 bytes
[2026-09-17 02:09:50] Download running (wget)... archive 6600261632 bytes
[2026-09-17 02:09:50] Download running (wget)... archive 6600261632 bytes
[2026-09-17 02:12:50] Download running (wget)... archive 7153385472 bytes
[2026-09-17 02:12:50] Download running (wget)... archive 7153385472 bytes
[2026-09-17 02:15:50] Download running (wget)... archive 7786725376 bytes
[2026-09-17 02:15:50] Download running (wget)... archive 7786725376 bytes
[2026-09-17 02:18:50] Download running (wget)... archive 8345878528 bytes
[2026-09-17 02:18:50] Download running (wget)... archive 8345878528 bytes
[2026-09-17 02:21:50] Download running (wget)... archive 9061531648 bytes
[2026-09-17 02:21:50] Download running (wget)... archive 9061531648 bytes
[2026-09-17 02:24:51] Download running (wget)... archive 9656336384 bytes
[2026-09-17 02:24:51] Download running (wget)... archive 9656336384 bytes
[2026-09-17 02:27:51] Download running (wget)... archive 10248257536 bytes
[2026-09-17 02:27:51] Download running (wget)... archive 10248257536 bytes
[2026-09-17 02:30:51] Download running (wget)... archive 10658894493 bytes
[2026-09-17 02:30:51] Download running (wget)... archive 10658894493 bytes
[2026-09-17 02:33:51] Download running (wget)... archive 10658894493 bytes
[2026-09-17 02:33:51] Download running (wget)... archive 10658894493 bytes
[2026-09-17 02:36:51] Download running (wget)... archive 10658894493 bytes
[2026-09-17 02:36:51] Download running (wget)... archive 10658894493 bytes
[2026-09-17 02:39:51] Download running (wget)... archive 10658894493 bytes
[2026-09-17 02:39:51] Download running (wget)... archive 10658894493 bytes
[2026-09-17 03:33:51] DONE — pilot_summary.csv ready at /data2/cmdir/home/toandq/DST-Skin/outputs/reports/camelyon17/seed42/pilot_summary.csv
[2026-09-17 03:33:51] DONE — pilot_summary.csv ready at /data2/cmdir/home/toandq/DST-Skin/outputs/reports/camelyon17/seed42/pilot_summary.csv
backbone,seed,train_frac,ood_split,mahalanobis_auroc,msp_auroc,auroc_delta_maha_minus_msp,cvid_gap_vs_id,cvid_gap_vs_id_CI_low,cvid_gap_vs_id_CI_high,logit_gap_mean_gap_vs_id,logit_gap_mean_gap_vs_id_CI_low,logit_gap_mean_gap_vs_id_CI_high,feature_silhouette_cosine,silhouette_perm_p_value,n_id,n_ood
resnet18,42,0.05,test,0.9106257418164659,0.7847266977106293,0.12589904410583663,0.15839877062496688,0.1538664225016782,0.1631155816823401,-5.425917674008728,-5.487976410124105,-5.363700175367169,0.1556938984250321,0.000999000999000999,33560,85054
resnet50,42,0.05,test,0.934972357041182,0.7737481936035981,0.16122416343758383,0.051184769715977685,0.04691680109845011,0.05563658085897546,-5.6868616939007115,-5.7536373931011076,-5.617723949201703,0.14051426701475037,0.000999000999000999,33560,85054
effb3,42,0.05,test,0.8324856484289739,0.693785727495339,0.13869992093363492,12.170915128954508,11.184927934902634,13.307277783544626,26.893144288655165,23.782699480236097,30.205903682821788,0.08967840310627362,0.000999000999000999,33560,85054
