=== MIDOG n-train Maha submit Thu Sep 17 13:36:13 +07 2026 ===
             JOBID PARTITION     NAME     USER ST       TIME  NODES NODELIST(REASON)
             59493      defq dst-came   toandq  R    1:15:55      1 node002
=== MIDOG n-train Maha start $(date) ===
             JOBID PARTITION     NAME     USER ST       TIME  NODES NODELIST(REASON)
             59536      defq dst-maha   toandq  R       0:04      1 node004
             59493      defq dst-came   toandq  R    1:15:59      1 node002

=== skin_isic_pad/resnet18 ===
  n_train=10015 d=512 n/d=19.561 n_val=193 n_ood=2298 csv_maha=0.9348
  fitting Ledoit-Wolf on full train...
  full refit AUROC=0.9347 cond(prec)=1.535e+09 shrinkage=0.0004
  draw 00/19 AUROC=0.9341 cond=7.597e+11 shrink=0.0020
  draw 01/19 AUROC=0.9253 cond=2.759e+10 shrink=0.0019
  draw 02/19 AUROC=0.9385 cond=3.238e+09 shrink=0.0019
  draw 03/19 AUROC=0.9345 cond=2.244e+11 shrink=0.0019
  draw 04/19 AUROC=0.9350 cond=3.086e+09 shrink=0.0019
  draw 05/19 AUROC=0.9256 cond=6.009e+10 shrink=0.0019
  draw 06/19 AUROC=0.9296 cond=1.422e+10 shrink=0.0019
  draw 07/19 AUROC=0.9388 cond=3.245e+10 shrink=0.0019
  draw 08/19 AUROC=0.9370 cond=6.160e+09 shrink=0.0019
  draw 09/19 AUROC=0.9338 cond=6.741e+09 shrink=0.0019
  draw 10/19 AUROC=0.9315 cond=1.224e+10 shrink=0.0019
  draw 11/19 AUROC=0.9292 cond=4.390e+09 shrink=0.0020
  draw 12/19 AUROC=0.9296 cond=3.467e+09 shrink=0.0019
  draw 13/19 AUROC=0.9321 cond=1.024e+09 shrink=0.0020
  draw 14/19 AUROC=0.9348 cond=8.841e+10 shrink=0.0020
  draw 15/19 AUROC=0.9322 cond=2.653e+09 shrink=0.0020
  draw 16/19 AUROC=0.9411 cond=4.527e+09 shrink=0.0019
  draw 17/19 AUROC=0.9305 cond=2.944e+09 shrink=0.0019
  draw 18/19 AUROC=0.9276 cond=3.792e+09 shrink=0.0019
  draw 19/19 AUROC=0.9291 cond=1.421e+09 shrink=0.0019
  SUB n=1896 AUROC=0.9325 +- 0.0043  (full csv 0.9348, drop +0.0022)  in_MIDOG_band=False

=== skin_isic_pad/resnet50 ===
  n_train=10015 d=2048 n/d=4.890 n_val=193 n_ood=2298 csv_maha=0.9666
  fitting Ledoit-Wolf on full train...
  full refit AUROC=0.9666 cond(prec)=2.145e+12 shrinkage=0.0004
  draw 00/19 AUROC=0.9685 cond=4.274e+10 shrink=0.0021
  draw 01/19 AUROC=0.9684 cond=3.007e+11 shrink=0.0021
  draw 02/19 AUROC=0.9648 cond=4.217e+10 shrink=0.0021
  draw 03/19 AUROC=0.9671 cond=3.366e+10 shrink=0.0020
  draw 04/19 AUROC=0.9679 cond=5.869e+11 shrink=0.0021
  draw 05/19 AUROC=0.9672 cond=2.127e+11 shrink=0.0021
  draw 06/19 AUROC=0.9642 cond=8.274e+10 shrink=0.0021
  draw 07/19 AUROC=0.9633 cond=2.493e+11 shrink=0.0020
  draw 08/19 AUROC=0.9685 cond=8.619e+10 shrink=0.0020
  draw 09/19 AUROC=0.9681 cond=6.451e+10 shrink=0.0020
  draw 10/19 AUROC=0.9680 cond=2.724e+10 shrink=0.0021
  draw 11/19 AUROC=0.9680 cond=5.317e+10 shrink=0.0020
  draw 12/19 AUROC=0.9678 cond=5.380e+10 shrink=0.0021
  draw 13/19 AUROC=0.9714 cond=8.539e+10 shrink=0.0020
  draw 14/19 AUROC=0.9713 cond=3.314e+10 shrink=0.0020
  draw 15/19 AUROC=0.9671 cond=5.729e+10 shrink=0.0021
  draw 16/19 AUROC=0.9673 cond=1.054e+11 shrink=0.0021
  draw 17/19 AUROC=0.9651 cond=4.233e+10 shrink=0.0021
  draw 18/19 AUROC=0.9633 cond=1.503e+11 shrink=0.0021
  draw 19/19 AUROC=0.9681 cond=1.157e+11 shrink=0.0020
  SUB n=1896 AUROC=0.9673 +- 0.0022  (full csv 0.9666, drop -0.0007)  in_MIDOG_band=False

=== skin_isic_pad/effb3 ===
  n_train=10015 d=1536 n/d=6.520 n_val=193 n_ood=2298 csv_maha=0.9510
  fitting Ledoit-Wolf on full train...
  full refit AUROC=0.9510 cond(prec)=1.061e+10 shrinkage=0.0021
  draw 00/19 AUROC=0.9452 cond=9.335e+09 shrink=0.0108
  draw 01/19 AUROC=0.9502 cond=1.408e+10 shrink=0.0117
  draw 02/19 AUROC=0.9486 cond=1.068e+10 shrink=0.0113
  draw 03/19 AUROC=0.9462 cond=6.120e+09 shrink=0.0112
  draw 04/19 AUROC=0.9447 cond=5.533e+09 shrink=0.0110
  draw 05/19 AUROC=0.9495 cond=2.967e+10 shrink=0.0108
  draw 06/19 AUROC=0.9460 cond=8.712e+09 shrink=0.0114
  draw 07/19 AUROC=0.9494 cond=7.546e+09 shrink=0.0108
  draw 08/19 AUROC=0.9497 cond=1.019e+10 shrink=0.0116
  draw 09/19 AUROC=0.9437 cond=7.653e+09 shrink=0.0114
  draw 10/19 AUROC=0.9451 cond=8.172e+09 shrink=0.0114
  draw 11/19 AUROC=0.9466 cond=1.117e+10 shrink=0.0114
  draw 12/19 AUROC=0.9435 cond=1.311e+10 shrink=0.0112
  draw 13/19 AUROC=0.9445 cond=2.457e+10 shrink=0.0111
  draw 14/19 AUROC=0.9488 cond=2.242e+10 shrink=0.0113
  draw 15/19 AUROC=0.9491 cond=1.388e+10 shrink=0.0111
  draw 16/19 AUROC=0.9450 cond=1.830e+10 shrink=0.0115
  draw 17/19 AUROC=0.9475 cond=5.024e+10 shrink=0.0113
  draw 18/19 AUROC=0.9478 cond=2.793e+10 shrink=0.0113
  draw 19/19 AUROC=0.9482 cond=6.692e+10 shrink=0.0114
  SUB n=1896 AUROC=0.9470 +- 0.0022  (full csv 0.9510, drop +0.0041)  in_MIDOG_band=False

=== camelyon17/resnet18 ===
  n_train=302436 d=512 n/d=590.695 n_val=33560 n_ood=85054 csv_maha=0.9558
  fitting Ledoit-Wolf on full train...
  full refit AUROC=0.9558 cond(prec)=1.695e+10 shrinkage=0.0000
  draw 00/19 AUROC=0.9469 cond=6.268e+57 shrink=0.0002
  draw 01/19 AUROC=0.9480 cond=4.296e+57 shrink=0.0002
  draw 02/19 AUROC=0.9376 cond=4.767e+57 shrink=0.0002
  draw 03/19 AUROC=0.9361 cond=3.140e+58 shrink=0.0002
  draw 04/19 AUROC=0.9460 cond=2.814e+57 shrink=0.0002
  draw 05/19 AUROC=0.9262 cond=7.518e+57 shrink=0.0002
  draw 06/19 AUROC=0.9435 cond=1.326e+57 shrink=0.0002
  draw 07/19 AUROC=0.9424 cond=2.369e+58 shrink=0.0002
  draw 08/19 AUROC=0.9487 cond=1.921e+58 shrink=0.0002
  draw 09/19 AUROC=0.9307 cond=3.661e+57 shrink=0.0002
  draw 10/19 AUROC=0.9444 cond=1.416e+57 shrink=0.0002
  draw 11/19 AUROC=0.9375 cond=2.247e+58 shrink=0.0002
  draw 12/19 AUROC=0.9381 cond=8.037e+57 shrink=0.0002
  draw 13/19 AUROC=0.9323 cond=5.949e+57 shrink=0.0002
  draw 14/19 AUROC=0.9350 cond=8.474e+57 shrink=0.0002
  draw 15/19 AUROC=0.9436 cond=1.763e+58 shrink=0.0002
  draw 16/19 AUROC=0.9459 cond=1.081e+58 shrink=0.0002
  draw 17/19 AUROC=0.9410 cond=5.099e+57 shrink=0.0002
  draw 18/19 AUROC=0.9447 cond=5.872e+57 shrink=0.0002
  draw 19/19 AUROC=0.9391 cond=4.577e+58 shrink=0.0002
  SUB n=1896 AUROC=0.9404 +- 0.0062  (full csv 0.9558, drop +0.0154)  in_MIDOG_band=False

=== camelyon17/resnet50 ===
  n_train=302436 d=2048 n/d=147.674 n_val=33560 n_ood=85054 csv_maha=0.8955
  fitting Ledoit-Wolf on full train...
  full refit AUROC=0.8955 cond(prec)=1.383e+11 shrinkage=0.0000
  draw 00/19 AUROC=0.8904 cond=inf shrink=0.0002
  draw 01/19 AUROC=0.8859 cond=inf shrink=0.0002
  draw 02/19 AUROC=0.8893 cond=inf shrink=0.0002
  draw 03/19 AUROC=0.8882 cond=inf shrink=0.0002
  draw 04/19 AUROC=0.8917 cond=inf shrink=0.0002
  draw 05/19 AUROC=0.8828 cond=inf shrink=0.0002
  draw 06/19 AUROC=0.8859 cond=inf shrink=0.0002
  draw 07/19 AUROC=0.8992 cond=inf shrink=0.0002
  draw 08/19 AUROC=0.8863 cond=inf shrink=0.0002
  draw 09/19 AUROC=0.8866 cond=inf shrink=0.0002
  draw 10/19 AUROC=0.8917 cond=inf shrink=0.0002
  draw 11/19 AUROC=0.8874 cond=inf shrink=0.0002
  draw 12/19 AUROC=0.8921 cond=inf shrink=0.0002
  draw 13/19 AUROC=0.8808 cond=inf shrink=0.0002
  draw 14/19 AUROC=0.8837 cond=inf shrink=0.0002
  draw 15/19 AUROC=0.8878 cond=inf shrink=0.0002
  draw 16/19 AUROC=0.9054 cond=inf shrink=0.0002
  draw 17/19 AUROC=0.8788 cond=inf shrink=0.0002
  draw 18/19 AUROC=0.8982 cond=inf shrink=0.0002
  draw 19/19 AUROC=0.8883 cond=inf shrink=0.0002
/data2/cmdir/home/toandq/.conda/envs/torch-env/lib/python3.11/site-packages/numpy/core/_methods.py:173: RuntimeWarning: invalid value encountered in subtract
  x = asanyarray(arr - arrmean)
  SUB n=1896 AUROC=0.8890 +- 0.0063  (full csv 0.8955, drop +0.0065)  in_MIDOG_band=False

=== camelyon17/effb3 ===
  n_train=302436 d=1536 n/d=196.898 n_val=33560 n_ood=85054 csv_maha=0.8852
  fitting Ledoit-Wolf on full train...
  full refit AUROC=0.8852 cond(prec)=5.698e+10 shrinkage=0.0000
  draw 00/19 AUROC=0.8680 cond=8.053e+26 shrink=0.0003
  draw 01/19 AUROC=0.8684 cond=9.672e+26 shrink=0.0003
  draw 02/19 AUROC=0.8669 cond=1.904e+26 shrink=0.0004
  draw 03/19 AUROC=0.8838 cond=9.284e+26 shrink=0.0003
  draw 04/19 AUROC=0.8744 cond=2.426e+27 shrink=0.0003
  draw 05/19 AUROC=0.8718 cond=2.755e+26 shrink=0.0004
  draw 06/19 AUROC=0.8721 cond=1.134e+27 shrink=0.0004
  draw 07/19 AUROC=0.8761 cond=6.169e+26 shrink=0.0004
  draw 08/19 AUROC=0.8746 cond=2.309e+26 shrink=0.0003
  draw 09/19 AUROC=0.8623 cond=4.068e+26 shrink=0.0003
  draw 10/19 AUROC=0.8668 cond=4.042e+26 shrink=0.0003
  draw 11/19 AUROC=0.8734 cond=3.694e+26 shrink=0.0003
  draw 12/19 AUROC=0.8811 cond=3.556e+26 shrink=0.0004
  draw 13/19 AUROC=0.8682 cond=8.828e+26 shrink=0.0003
  draw 14/19 AUROC=0.8694 cond=2.543e+26 shrink=0.0003
  draw 15/19 AUROC=0.8781 cond=1.180e+26 shrink=0.0003
  draw 16/19 AUROC=0.8599 cond=2.883e+26 shrink=0.0003
  draw 17/19 AUROC=0.8570 cond=4.110e+26 shrink=0.0003
  draw 18/19 AUROC=0.8800 cond=4.891e+26 shrink=0.0003
  draw 19/19 AUROC=0.8763 cond=4.558e+26 shrink=0.0004
  SUB n=1896 AUROC=0.8714 +- 0.0070  (full csv 0.8852, drop +0.0138)  in_MIDOG_band=False

=== midog/resnet18 ===
  n_train=1896 d=512 n/d=3.703 n_val=251 n_ood=5902 csv_maha=0.7327
  fitting Ledoit-Wolf on full train...
  full refit AUROC=0.7327 cond(prec)=1.227e+04 shrinkage=0.0031

=== midog/resnet50 ===
  n_train=1896 d=2048 n/d=0.926 n_val=251 n_ood=5902 csv_maha=0.8448
  fitting Ledoit-Wolf on full train...
  full refit AUROC=0.8448 cond(prec)=5.315e+11 shrinkage=0.0075

=== midog/effb3 ===
  n_train=1896 d=1536 n/d=1.234 n_val=251 n_ood=5902 csv_maha=0.6731
  fitting Ledoit-Wolf on full train...
  full refit AUROC=0.6731 cond(prec)=9.786e+09 shrinkage=0.0024

Wrote outputs/reports/midog_n_train_maha_summary.csv
       domain backbone  n_full    d  n_over_d_full  auroc_full_csv  auroc_full_refit  cond_prec_full  shrinkage_full  n_target  n_draws  subsampled  n_sub  auroc_sub_mean  auroc_sub_std  auroc_sub_min  auroc_sub_max  cond_prec_sub_mean  cond_prec_sub_std  shrinkage_sub_mean                                    note
skin_isic_pad resnet18   10015  512      19.560547        0.934751          0.934748    1.534760e+09        0.000369      1896       20        True   1896        0.932502       0.004343       0.925254       0.941084        6.313035e+10       1.719261e+11            0.001935                                        
skin_isic_pad resnet50   10015 2048       4.890137        0.966569          0.966569    2.144990e+12        0.000394      1896       20        True   1896        0.967275       0.002215       0.963250       0.971437        1.212683e+11       1.334360e+11            0.002062                                        
skin_isic_pad    effb3   10015 1536       6.520182        0.951021          0.951021    1.060857e+10        0.002136      1896       20        True   1896        0.946961       0.002168       0.943510       0.950209        1.831102e+10       1.575554e+10            0.011256                                        
   camelyon17 resnet18  302436  512     590.695312        0.955776          0.955776    1.695471e+10        0.000001      1896       20        True   1896        0.940392       0.006154       0.926229       0.948701        1.182317e+58       1.156633e+58            0.000199                                        
   camelyon17 resnet50  302436 2048     147.673828        0.895532          0.895532    1.382913e+11        0.000001      1896       20        True   1896        0.889022       0.006317       0.878756       0.905372                 inf                NaN            0.000236                                        
   camelyon17    effb3  302436 1536     196.898438        0.885193          0.885193    5.698008e+10        0.000002      1896       20        True   1896        0.871432       0.007011       0.857030       0.883826        6.004648e+26       5.180594e+26            0.000346                                        
        midog resnet18    1896  512       3.703125        0.732672          0.732672    1.227129e+04        0.003069      1896       20       False   1896        0.732672       0.000000       0.732672       0.732672        1.227129e+04       0.000000e+00            0.003069 native MIDOG train size; not subsampled
        midog resnet50    1896 2048       0.925781        0.844763          0.844763    5.315353e+11        0.007518      1896       20       False   1896        0.844763       0.000000       0.844763       0.844763        5.315353e+11       0.000000e+00            0.007518 native MIDOG train size; not subsampled
        midog    effb3    1896 1536       1.234375        0.673074          0.673074    9.786138e+09        0.002419      1896       20       False   1896        0.673074       0.000000       0.673074       0.673074        9.786138e+09       0.000000e+00            0.002419 native MIDOG train size; not subsampled

H4 rule: if skin/Camelyon mean subsample AUROC falls into MIDOG band (0.59, 0.73), sample size can explain MIDOG Maha. If it stays near full-n AUROC, stop the 'why MIDOG' line.
=== MIDOG n-train Maha done $(date) ===
